C:\Users\laptop\Documents\NetBeansProjects\mavenproject4\src\main\java\controlador\CtrlFactura.java
C:\Users\laptop\Documents\NetBeansProjects\mavenproject4\src\main\java\to\Vehiculos.java
C:\Users\laptop\Documents\NetBeansProjects\mavenproject4\src\main\java\to\TOUsuarios.java
C:\Users\laptop\Documents\NetBeansProjects\mavenproject4\src\main\java\DAO\DAOPlazas.java
C:\Users\laptop\Documents\NetBeansProjects\mavenproject4\src\main\java\controlador\CtrlPlazas.java
C:\Users\laptop\Documents\NetBeansProjects\mavenproject4\src\main\java\db\ConexionDB.java
C:\Users\laptop\Documents\NetBeansProjects\mavenproject4\src\main\java\to\TOPlazas.java
C:\Users\laptop\Documents\NetBeansProjects\mavenproject4\src\main\java\controlador\CtrlUsuarios.java
C:\Users\laptop\Documents\NetBeansProjects\mavenproject4\src\main\java\to\TOFactura.java
C:\Users\laptop\Documents\NetBeansProjects\mavenproject4\src\main\java\to\TOTarifa.java
C:\Users\laptop\Documents\NetBeansProjects\mavenproject4\src\main\java\DAO\DAOUsuarios.java
C:\Users\laptop\Documents\NetBeansProjects\mavenproject4\src\main\java\DAO\DAOFactura.java
